<html>
<head> <title>test_1</title> </head>
<body>


    <div>
        <h2>The Best Project</h2>

          <img src="/images/sales_1mo.png" alt="sales_1mo">

          <img src="/images/sales_3mo.png" alt="sales_3mo">

    </div>




  <script type="module" src="src/main.js"></script>


</body>
</html>
